// Jest Snapshot v1, https://goo.gl/fbAQLP

exports[`should send in request and proceed case-insensitive headers in runtime expressions 1`] = `
"────────────────────────────────────────────────────────────────────────────────[0m
[0m
  Running workflow case-insensitive-headers.yaml / get-museum-hours[0m
[0m
  ✓ GET /museum-hours - step get-museum-hours[0m
    ✓ success criteria check
    ✓ success criteria check
    ✓ success criteria check
    ✓ status code check (Response code 200 matches one of description codes: [200, 400, 404])
    ✓ content-type check
    ✓ schema check
[0m
[0m
  Summary for case-insensitive-headers.yaml
  
  Workflows: 1 passed, 1 total
  Steps: 1 passed, 1 total
  Checks: 6 passed, 6 total
  Time: <test>ms[0m
[0m
[0m
┌───────────────────────────────────────────────────────────────────────┬────────────┬─────────┬─────────┬──────────┬─────────┐
│ Filename                                                              │ Workflows  │ Passed  │ Failed  │ Warnings │ Skipped │
├───────────────────────────────────────────────────────────────────────┼────────────┼─────────┼─────────┼──────────┼─────────┤
│ ✓ case-insensitive-headers.yaml                                       │ 1          │ 1       │ -       │ -        │ -       │
└───────────────────────────────────────────────────────────────────────┴────────────┴─────────┴─────────┴──────────┴─────────┘[0m
[0m

"
`;
