// Jest Snapshot v1, https://goo.gl/fbAQLP

exports[`rebilly test case 1`] = `
"────────────────────────────────────────────────────────────────────────────────

  Running workflow rebilly.yaml / crud

  ✗ POST https://api-sandbox.rebilly.com/organizations/redocly/customers - step create-member
    ✗ failed network request

────────────────────────────────────────────────────────────────────────────────

  Running workflow rebilly.yaml / inherited

  ✓ POST /customers - step add-user
    ✓ status code check - $statusCode in [201, 401, 403, 409, 422]
    ✓ content-type check
    ✓ schema check


  Failed tests info:

  Workflow name: crud

    stepId - create-member
    ✗ failed network request
      fetch failed
      
    stepId - read-member
    ✗ unexpected error
    Reason: Error in resolving runtime expression '$steps.create-member.outputs.id'. 
    This could be because the expression references a value from a previous failed step, or is trying to reference a variable that hasn't been set.
    stepId - update-member
    ✗ unexpected error
    Reason: Error in resolving runtime expression '$steps.create-member.outputs.id'. 
    This could be because the expression references a value from a previous failed step, or is trying to reference a variable that hasn't been set.
    stepId - delete-member
    ✗ unexpected error
    Reason: Error in resolving runtime expression '$steps.create-member.outputs.id'. 
    This could be because the expression references a value from a previous failed step, or is trying to reference a variable that hasn't been set.
    stepId - read-non-existing-member
    ✗ unexpected error
    Reason: Error in resolving runtime expression '$steps.create-member.outputs.id'. 
    This could be because the expression references a value from a previous failed step, or is trying to reference a variable that hasn't been set.
  Summary for rebilly.yaml
  
  Workflows: 1 passed, 1 failed, 2 total
  Steps: 1 passed, 5 failed, 6 total
  Checks: 3 passed, 5 failed, 8 total
  Time: <test>ms


┌──────────────────────────────────────────────────────┬────────────┬─────────┬─────────┬──────────┬─────────┐
│ Filename                                             │ Workflows  │ Passed  │ Failed  │ Warnings │ Skipped │
├──────────────────────────────────────────────────────┼────────────┼─────────┼─────────┼──────────┼─────────┤
│ x rebilly.yaml                                       │ 2          │ 1       │ 1       │ -        │ -       │
└──────────────────────────────────────────────────────┴────────────┴─────────┴─────────┴──────────┴─────────┘



 Tests exited with error 
"
`;
