// Vitest Snapshot v1, https://vitest.dev/guide/snapshot.html

exports[`should resolve outputs access syntax variations 1`] = `
"──────────────────────────────────────────────────────────────────────────────── 
 
  Running workflow outputs-access-syntax-variations.arazzo.yaml / get-menu-items 
 
  ✓ GET /menu - step get-menu-items 

    Request URL: https://api.cafe.redocly.com/menu?search=mermaid-treasure-latte
    Request Headers:
      accept: application/json, application/problem+json 
 

    Response status code: 200
    Response time: <test> ms
    Response Headers: <response headers test>
    Response Size: <test> bytes
    Response Body:
      {
        "object": "list",
        "page": {
          "nextPage": null,
          "previousPage": null,
          "limit": 10
        },
        "items": []
      } 
 
    ✓ success criteria check - $statusCode == 200
    ✓ status code check - $statusCode in [200, 400, 500]
    ✓ content-type check
    ✓ schema check
 
  Running child workflow for the step search-menu 
  Running workflow cafe-menu.arazzo.yaml / search-menu-items 
 
  ✗ GET /menu - step search-menu 

    Request URL: https://api.cafe.redocly.com/menu?search=mermaid-treasure-latte
    Request Headers:
      accept: application/json, application/problem+json 
 

    Response status code: 200
    Response time: <test> ms
    Response Headers: <response headers test>
    Response Size: <test> bytes
    Response Body:
      {
        "object": "list",
        "page": {
          "nextPage": null,
          "previousPage": null,
          "limit": 10
        },
        "items": []
      } 
 
    ✓ success criteria check - $statusCode == 200
    ✓ status code check - $statusCode in [200, 400, 500]
    ✓ content-type check
    ✓ schema check
    ✗ unexpected error

Failed to resolve output "itemsCount" in workflow "get-menu-items": Error in resolving runtime expression '$steps.search-menu.outputs.itemsCount'. 
This could be because the expression references a value from a previous failed step, or is trying to reference a variable that hasn't been set.

"
`;
