// Vitest Snapshot v1, https://vitest.dev/guide/snapshot.html

exports[`should reveal masked input values 1`] = `
"──────────────────────────────────────────────────────────────────────────────── 
 
  Running workflow reveal-masked-input-secrets.arazzo.yaml / get-menu-items 
 
  ✓ GET /menu - step get-menu-items 

    Request URL: https://api.cafe.redocly.com/menu?search=mermaid-treasure-latte
    Request Headers:
      accept: application/json, application/problem+json
      authorization: Basic Og==
      password: password
      username: John
      masked-combined-value: John and password and maybe Basic Og==
      multi-word-secret: Bearer password 
 

    Response status code: 200
    Response time: <test> ms
    Response Headers: <response headers test>
    Response Size: <test> bytes
    Response Body:
      {
        "object": "list",
        "page": {
          "startCursor": null,
          "endCursor": null,
          "hasNextPage": false,
          "hasPrevPage": false,
          "limit": 10,
          "total": 0
        },
        "items": []
      } 
 
    ✓ success criteria check - $statusCode == 200
    ✓ status code check - $statusCode in [200, 400, 500]
    ✓ content-type check
    ✓ schema check
 
──────────────────────────────────────────────────────────────────────────────── 
 
  Running workflow reveal-masked-input-secrets.arazzo.yaml / client-registration 
 
  ✓ GET /menu - step list-menu-items 

    Request URL: https://api.cafe.redocly.com/menu?search=mermaid-treasure-latte
    Request Headers:
      accept: application/json, application/problem+json
      authorization: Basic Og==
      multi-word-secret: composed Basic Og== 
 

    Response status code: 200
    Response time: <test> ms
    Response Headers: <response headers test>
    Response Size: <test> bytes
    Response Body:
      {
        "object": "list",
        "page": {
          "startCursor": null,
          "endCursor": null,
          "hasNextPage": false,
          "hasPrevPage": false,
          "limit": 10,
          "total": 0
        },
        "items": []
      } 
 
    ✓ status code check - $statusCode in [200, 400, 500]
    ✓ content-type check
    ✓ schema check
 
  ✓ POST /oauth2/register - step create-client 

    Request URL: https://api.cafe.redocly.com/oauth2/register
    Request Headers:
      content-type: application/json
      accept: application/json, application/problem+json
      authorization: Basic Og==
      multi-word-secret: composed Basic Og==
    Request Body:
      {
        "username": "John",
        "secret": "password",
        "multiwordSecret": "Bearer secretToken"
      } 
 

    Response status code: 400
    Response time: <test> ms
    Response Headers: <response headers test>
    Response Size: <test> bytes
    Response Body:
      {
        "type": "about:blank",
        "title": "Validation failed",
        "status": 400,
        "instance": "/oauth2/register",
        "details": {
          "errors": [
            {
              "code": "invalid_type",
              "expected": "string",
              "received": "undefined",
              "path": [
                "name"
              ],
              "message": "Required"
            }
          ]
        }
      } 
 
    ✓ success criteria check - $statusCode == 400
    ✓ success criteria check - $[?@.title == 'Validation failed']
    ✓ status code check - $statusCode in [201, 400, 401, 500]
    ✓ content-type check
    ✓ schema check
 
 
  Summary for reveal-masked-input-secrets.arazzo.yaml
  
  Workflows: 2 passed, 2 total
  Steps: 3 passed, 3 total
  Checks: 12 passed, 12 total
  Time: <test>ms 
 
 
┌─────────────────────────────────────────────────────────────────────────────────┬────────────┬─────────┬─────────┬──────────┐
│ Filename                                                                        │ Workflows  │ Passed  │ Failed  │ Warnings │
├─────────────────────────────────────────────────────────────────────────────────┼────────────┼─────────┼─────────┼──────────┤
│ ✓ reveal-masked-input-secrets.arazzo.yaml                                       │ 2          │ 2       │ -       │ -        │
└─────────────────────────────────────────────────────────────────────────────────┴────────────┴─────────┴─────────┴──────────┘
 

"
`;
