// Jest Snapshot v1, https://goo.gl/fbAQLP

exports[`should use server override from CLI and env 1`] = `
"────────────────────────────────────────────────────────────────────────────────

  Running workflow server-override-with-console-parameters.yaml / get-museum-hours

  ✗ GET /museum-hours - step get-museum-hours

    Request URL: https://museum-api-bad-endpoint.com/museum-api-bad-endpoint/museum-hours
    Request Headers:
      accept: application/json, application/problem+json
      authorization: Basic Og==

    ✗ failed network request

  Running child workflow for the step buy-ticket
  Running workflow museum-tickets.yaml / get-museum-tickets

  ✗ POST /tickets - step buy-tickets

    Request URL: https://museum-api-bad-endpoint.com/museum-api-bad-endpoint/tickets
    Request Headers:
      content-type: application/json
      accept: application/json, application/problem+json
      authorization: Basic Og==
    Request Body:
      {
        "ticketType": "general",
        "ticketDate": "2023-09-07",
        "email": "todd@example.com"
      }

    ✗ failed network request

────────────────────────────────────────────────────────────────────────────────

  Running workflow server-override-with-console-parameters.yaml / events-crud

  ✗ GET /special-events - step list-events

    Request URL: https://museum-api-bad-endpoint.com/museum-api-bad-endpoint/special-events
    Request Headers:
      accept: application/json, application/problem+json
      authorization: Basic Og==

    ✗ failed network request


  Failed tests info:

  Workflow name: get-museum-hours

    stepId - get-museum-hours
    ✗ failed network request
      fetch failed
      
  Workflow name: events-crud

    stepId - list-events
    ✗ failed network request
      fetch failed
      
    stepId - create-event
    ✗ unexpected error
    Reason: Error in resolving runtime expression '$steps.list-events.outputs.events.0.dates.0'. 
    This could be because the expression references a value from a previous failed step, or is trying to reference a variable that hasn't been set.
    stepId - get-event-by-id
    ✗ unexpected error
    Reason: Error in resolving runtime expression '$steps.create-event.outputs.createdEventId'. 
    This could be because the expression references a value from a previous failed step, or is trying to reference a variable that hasn't been set.
    stepId - update-event
    ✗ unexpected error
    Reason: Error in resolving runtime expression '$steps.create-event.outputs.createdEventId'. 
    This could be because the expression references a value from a previous failed step, or is trying to reference a variable that hasn't been set.
    stepId - delete-event
    ✗ unexpected error
    Reason: Error in resolving runtime expression '$steps.update-event.outputs.updatedEventId'. 
    This could be because the expression references a value from a previous failed step, or is trying to reference a variable that hasn't been set.
  Summary for server-override-with-console-parameters.yaml
  
  Workflows: 2 failed, 2 total
  Steps: 6 failed, 6 total
  Checks: 6 failed, 6 total
  Time: <test>ms


┌──────────────────────────────────────────────────────────────────────────────────────┬────────────┬─────────┬─────────┬──────────┬─────────┐
│ Filename                                                                             │ Workflows  │ Passed  │ Failed  │ Warnings │ Skipped │
├──────────────────────────────────────────────────────────────────────────────────────┼────────────┼─────────┼─────────┼──────────┼─────────┤
│ x server-override-with-console-parameters.yaml                                       │ 2          │ 0       │ 2       │ -        │ -       │
└──────────────────────────────────────────────────────────────────────────────────────┴────────────┴─────────┴─────────┴──────────┴─────────┘



 Tests exited with error 
"
`;
