// Vitest Snapshot v1, https://vitest.dev/guide/snapshot.html

exports[`should use inputs from CLI and env to map with resolved refs 1`] = `
"──────────────────────────────────────────────────────────────────────────────── 
 
  Running workflow reusable-components.arazzo.yaml / get-menu-items 
 
  ✓ GET /menu - step get-menu-items-step-success-action 

    Request URL: https://api.cafe.redocly.com/menu?search=mermaid-treasure-latte
    Request Headers:
      accept: application/json, application/problem+json
      pagesize: 256
      authorization: Basic Og== 
 

    Response status code: 200
    Response time: <test> ms
    Response Headers: <response headers test>
    Response Size: <test> bytes
    Response Body:
      {
        "object": "list",
        "page": {
          "startCursor": null,
          "endCursor": null,
          "hasNextPage": false,
          "hasPrevPage": false,
          "limit": 10,
          "total": 0
        },
        "items": []
      } 
 
    ✓ success criteria check - $statusCode == 200
    ✓ status code check - $statusCode in [200, 400, 500]
    ✓ content-type check
    ✓ schema check
 
  ✗ GET /menu - step get-menu-items-step-failure-action-goto 

    Request URL: https://api.cafe.redocly.com/menu?search=mermaid-treasure-latte
    Request Headers:
      accept: application/json, application/problem+json
      pagesize: 256
      authorization: Basic Og== 
 

    Response status code: 200
    Response time: <test> ms
    Response Headers: <response headers test>
    Response Size: <test> bytes
    Response Body:
      {
        "object": "list",
        "page": {
          "startCursor": null,
          "endCursor": null,
          "hasNextPage": false,
          "hasPrevPage": false,
          "limit": 10,
          "total": 0
        },
        "items": []
      } 
 
    ✗ success criteria check - $statusCode == 201
    ✓ status code check - $statusCode in [200, 400, 500]
    ✓ content-type check
    ✓ schema check
 
  Running failure action get-menu-items-failure-action for the step get-menu-items-step-failure-action-goto 
  Running workflow reusable-components.arazzo.yaml / final-workflow 
 
  ✓ GET /menu - step final-workflow-step 

    Request URL: https://api.cafe.redocly.com/menu?search=mermaid-treasure-latte
    Request Headers:
      accept: application/json, application/problem+json
      pagesize: 256
      authorization: Basic Og== 
 

    Response status code: 200
    Response time: <test> ms
    Response Headers: <response headers test>
    Response Size: <test> bytes
    Response Body:
      {
        "object": "list",
        "page": {
          "startCursor": null,
          "endCursor": null,
          "hasNextPage": false,
          "hasPrevPage": false,
          "limit": 10,
          "total": 0
        },
        "items": []
      } 
 
    ✓ success criteria check - $statusCode == 200
    ✓ status code check - $statusCode in [200, 400, 500]
    ✓ content-type check
    ✓ schema check
 
 
──────────────────────────────────────────────────────────────────────────────── 
 
  Running workflow reusable-components.arazzo.yaml / client-registration 
 
  ✓ GET /menu - step list-menu-items 

    Request URL: https://api.cafe.redocly.com/menu?search=mermaid-treasure-latte
    Request Headers:
      accept: application/json, application/problem+json
      pagesize: 256
      authorization: Basic Og==
      page: 1 
 

    Response status code: 200
    Response time: <test> ms
    Response Headers: <response headers test>
    Response Size: <test> bytes
    Response Body:
      {
        "object": "list",
        "page": {
          "startCursor": null,
          "endCursor": null,
          "hasNextPage": false,
          "hasPrevPage": false,
          "limit": 10,
          "total": 0
        },
        "items": []
      } 
 
    ✓ status code check - $statusCode in [200, 400, 500]
    ✓ content-type check
    ✓ schema check
 
  ✓ POST /oauth2/register - step create-client 

    Request URL: https://api.cafe.redocly.com/oauth2/register
    Request Headers:
      content-type: application/json
      accept: application/json, application/problem+json
      pagesize: 256
      authorization: Basic Og==
      page: 42
    Request Body:
      {
        "reusable": "\\"123\\"",
        "store_id": "42",
        "my_pet_tags": [
          "one",
          "two"
        ]
      } 
 

    Response status code: 400
    Response time: <test> ms
    Response Headers: <response headers test>
    Response Size: <test> bytes
    Response Body:
      {
        "type": "about:blank",
        "title": "Validation failed",
        "status": 400,
        "instance": "/oauth2/register",
        "details": {
          "errors": [
            {
              "code": "invalid_type",
              "expected": "string",
              "received": "undefined",
              "path": [
                "name"
              ],
              "message": "Required"
            }
          ]
        }
      } 
 
    ✓ success criteria check - $statusCode == 400
    ✓ status code check - $statusCode in [201, 400, 401, 500]
    ✓ content-type check
    ✓ schema check
 
──────────────────────────────────────────────────────────────────────────────── 
 
  Running workflow reusable-components.arazzo.yaml / final-workflow 
 
  ✓ GET /menu - step final-workflow-step 

    Request URL: https://api.cafe.redocly.com/menu?search=mermaid-treasure-latte
    Request Headers:
      accept: application/json, application/problem+json
      pagesize: 256
      authorization: Basic Og== 
 

    Response status code: 200
    Response time: <test> ms
    Response Headers: <response headers test>
    Response Size: <test> bytes
    Response Body:
      {
        "object": "list",
        "page": {
          "startCursor": null,
          "endCursor": null,
          "hasNextPage": false,
          "hasPrevPage": false,
          "limit": 10,
          "total": 0
        },
        "items": []
      } 
 
    ✓ success criteria check - $statusCode == 200
    ✓ status code check - $statusCode in [200, 400, 500]
    ✓ content-type check
    ✓ schema check
 

  Failed tests info:

  Workflow name: get-menu-items
 
    stepId - get-menu-items-step-failure-action-goto 
    ✗ success criteria check 
      Checking simple criteria: {"condition":"$statusCode == 201"}
       
  Summary for reusable-components.arazzo.yaml
  
  Workflows: 2 passed, 1 failed, 3 total
  Steps: 5 passed, 1 failed, 6 total
  Checks: 22 passed, 1 failed, 23 total
  Time: <test>ms 
 
 
┌─────────────────────────────────────────────────────────────────────────┬────────────┬─────────┬─────────┬──────────┐
│ Filename                                                                │ Workflows  │ Passed  │ Failed  │ Warnings │
├─────────────────────────────────────────────────────────────────────────┼────────────┼─────────┼─────────┼──────────┤
│ x reusable-components.arazzo.yaml                                       │ 3          │ 2       │ 1       │ -        │
└─────────────────────────────────────────────────────────────────────────┴────────────┴─────────┴─────────┴──────────┘
 

 Tests exited with error 

"
`;
