// Jest Snapshot v1, https://goo.gl/fbAQLP

exports[`free apis test case 1`] = `
"────────────────────────────────────────────────────────────────────────────────[0m
[0m
  Running workflow free.yaml / json[0m
[0m
  ✓ GET https://jsonplaceholder.typicode.com/posts/1 - step get-first-post[0m
    ✓ success criteria check
    ✓ success criteria check
    ✓ success criteria check
    ✓ success criteria check
    ✓ success criteria check
[0m
  ✓ GET https://jsonplaceholder.typicode.com/posts/wrong-id - step get-wrong-post[0m
    ✓ success criteria check
[0m
────────────────────────────────────────────────────────────────────────────────[0m
[0m
  Running workflow free.yaml / xml[0m
[0m
  ✗ POST http://restapi.adequateshop.com/api/Traveler - step post-traveler[0m
    ✓ success criteria check
    ✓ success criteria check
    ✗ success criteria check
[0m
[0m
  Failed tests info:
[0m
  Workflow name: xml[0m
[0m
    stepId - post-traveler[0m
    ✗ success criteria check[0m
      Checking simple criteria: {"condition":"$response.body == '<Error><Message>Pleae try with different email address!</Message></Error>'"}[0m
      [0m
  Summary for free.yaml
  
  Workflows: 1 passed, 1 failed, 2 total
  Steps: 2 passed, 1 failed, 3 total
  Checks: 8 passed, 1 failed, 9 total
  Time: <test>ms[0m
[0m
[0m
┌───────────────────────────────────────────────────┬────────────┬─────────┬─────────┬──────────┬─────────┐
│ Filename                                          │ Workflows  │ Passed  │ Failed  │ Warnings │ Skipped │
├───────────────────────────────────────────────────┼────────────┼─────────┼─────────┼──────────┼─────────┤
│ x free.yaml                                       │ 2          │ 1       │ 1       │ -        │ -       │
└───────────────────────────────────────────────────┴────────────┴─────────┴─────────┴──────────┴─────────┘[0m
[0m
[0m

 Tests exited with error 
"
`;
