// Vitest Snapshot v1, https://vitest.dev/guide/snapshot.html

exports[`should make request with Authorization header \`Bearer ...\` 1`] = `
"──────────────────────────────────────────────────────────────────────────────── 
 
  Running workflow x-security-bearer-auth.arazzo.yaml / bearer-auth-workflow 
 
  ✓ GET /museum-hours - step step-with-bearer-auth-scheme 

    Request URL: https://redocly.com/_mock/demo/openapi/museum-api/museum-hours
    Request Headers:
      accept: application/json, application/problem+json
      authorization: Bearer ******** 
 

    Response status code: 400
    Response time: <test> ms
    Response Headers: <response headers test>
    Response Size: <test> bytes
    Response Body:
      {
        "type": "object",
        "title": "Not authenticated. Supported authentication types: MuseumPlaceholderAuth."
      } 
 
    ✓ status code check - $statusCode in [200, 400, 404]
    ✓ content-type check
    ✓ schema check
 
 
  Summary for x-security-bearer-auth.arazzo.yaml
  
  Workflows: 1 passed, 1 total
  Steps: 1 passed, 1 total
  Checks: 3 passed, 3 total
  Time: <test>ms 
 
 
┌────────────────────────────────────────────────────────────────────────────┬────────────┬─────────┬─────────┬──────────┐
│ Filename                                                                   │ Workflows  │ Passed  │ Failed  │ Warnings │
├────────────────────────────────────────────────────────────────────────────┼────────────┼─────────┼─────────┼──────────┤
│ ✓ x-security-bearer-auth.arazzo.yaml                                       │ 1          │ 1       │ -       │ -        │
└────────────────────────────────────────────────────────────────────────────┴────────────┴─────────┴─────────┴──────────┘
 

"
`;
