// Jest Snapshot v1, https://goo.gl/fbAQLP

exports[`should use warn severity level 1`] = `
"────────────────────────────────────────────────────────────────────────────────

  Running workflow severity-level.yaml / get-museum-hours

  ✗ GET /museum-hours - step get-museum-hours

    Request URL: https://redocly.com/_mock/demo/openapi/museum-api/museum-hours
    Request Headers:
      accept: html/text, application/problem+json
      authorization: undefined
      content-type: application/json


    Response status code: 200
    Response time: <test> ms
    Response Body:
      [
        {
          "date": "2023-09-11",
          "timeOpen": "09:00",
          "timeClose": "18:00"
        },
        {
          "date": "2023-09-12",
          "timeOpen": "09:00",
          "timeClose": "18:00"
        },
        {
          "date": "2023-09-13",
          "timeOpen": "09:00",
          "timeClose": "18:00"
        },
        {
          "date": "2023-09-14",
          "timeOpen": "09:00",
          "timeClose": "18:00"
        },
        {
          "date": "2023-09-15",
          "timeOpen": "10:00",
          "timeClose": "16:00"
        },
        {
          "date": "2023-09-18",
          "timeOpen": "09:00",
          "timeClose": "18:00"
        },
        {
          "date": "2023-09-19",
          "timeOpen": "09:00",
          "timeClose": "18:00"
        },
        {
          "date": "2023-09-20",
          "timeOpen": "09:00",
          "timeClose": "18:00"
        },
        {
          "date": "2023-09-21",
          "timeOpen": "09:00",
          "timeClose": "18:00"
        },
        {
          "date": "2023-09-22",
          "timeOpen": "10:00",
          "timeClose": "16:00"
        }
      ]

    ⚠ success criteria check - $statusCode == 400
    ⚠ status code check


  Failed tests info:

  Workflow name: get-museum-hours

    stepId - get-museum-hours
    ⚠ success criteria check
      Checking simple criteria: {"condition":"$statusCode == 400"}
      
    ⚠ status code check
      
      
  Summary for severity-level.yaml
  
  Workflows: 1 passed, 1 total
  Steps: 1 passed, 1 warnings, 1 total
  Checks: 2 passed, 2 warnings, 2 total
  Time: <test>ms


┌─────────────────────────────────────────────────────────────┬────────────┬─────────┬─────────┬──────────┐
│ Filename                                                    │ Workflows  │ Passed  │ Failed  │ Warnings │
├─────────────────────────────────────────────────────────────┼────────────┼─────────┼─────────┼──────────┤
│ ✓ severity-level.yaml                                       │ 1          │ 1       │ -       │ 1        │
└─────────────────────────────────────────────────────────────┴────────────┴─────────┴─────────┴──────────┘


"
`;
