// Vitest Snapshot v1, https://vitest.dev/guide/snapshot.html

exports[`should merge x-security schemes on workflow level to steps 1`] = `
"──────────────────────────────────────────────────────────────────────────────── 
 
  Running workflow x-security-on-workflow-level-merged-to-steps.arazzo.yaml / basic-auth-workflow 
 
  ✓ GET /menu - step step-with-basic-auth-scheme 

    Request URL: https://api.cafe.redocly.com/menu?search=mermaid-treasure-latte
    Request Headers:
      accept: application/json, application/problem+json
      authorization: Basic ******** 
 

    Response status code: 200
    Response time: <test> ms
    Response Headers: <response headers test>
    Response Size: <test> bytes
    Response Body:
      {
        "object": "list",
        "page": {
          "startCursor": null,
          "endCursor": null,
          "hasNextPage": false,
          "hasPrevPage": false,
          "limit": 10,
          "total": 0
        },
        "items": []
      } 
 
    ✓ status code check - $statusCode in [200, 400, 500]
    ✓ content-type check
    ✓ schema check
 
  ✓ POST /orders - step step-with-basic-auth-scheme-2 

    Request URL: https://api.cafe.redocly.com/orders
    Request Headers:
      content-type: application/json
      accept: application/json, application/problem+json
      authorization: Basic ********
    Request Body:
      {
        "customerName": "Mary Ann",
        "orderItems": [
          {
            "menuItemId": "prd_0000000000seedtrams0000000",
            "quantity": 2,
            "comment": "No sugar!"
          }
        ]
      } 
 

    Response status code: 401
    Response time: <test> ms
    Response Headers: <response headers test>
    Response Size: <test> bytes
    Response Body:
      {
        "type": "about:blank",
        "title": "Unauthorized",
        "status": 401,
        "instance": "/orders"
      } 
 
    ✓ success criteria check - $statusCode == 401
    ✓ status code check - $statusCode in [201, 400, 401, 403, 500]
    ✓ content-type check
    ✓ schema check
 
 
  Summary for x-security-on-workflow-level-merged-to-steps.arazzo.yaml
  
  Workflows: 1 passed, 1 total
  Steps: 2 passed, 2 total
  Checks: 7 passed, 7 total
  Time: <test>ms 
 
 
┌──────────────────────────────────────────────────────────────────────────────────────────────────┬────────────┬─────────┬─────────┬──────────┐
│ Filename                                                                                         │ Workflows  │ Passed  │ Failed  │ Warnings │
├──────────────────────────────────────────────────────────────────────────────────────────────────┼────────────┼─────────┼─────────┼──────────┤
│ ✓ x-security-on-workflow-level-merged-to-steps.arazzo.yaml                                       │ 1          │ 1       │ -       │ -        │
└──────────────────────────────────────────────────────────────────────────────────────────────────┴────────────┴─────────┴─────────┴──────────┘
 

"
`;
