// Vitest Snapshot v1, https://vitest.dev/guide/snapshot.html

exports[`should apply x-security schemes in right order 1`] = `
"──────────────────────────────────────────────────────────────────────────────── 
 
  Running workflow x-security-priority.arazzo.yaml / priority 
 
  ✓ GET /museum-hours - step step1 

    Request URL: https://redocly.com/_mock/demo/openapi/museum-api/museum-hours
    Request Headers:
      accept: application/json, application/problem+json
      x-api-key: workflow-key 
 

    Response status code: 200
    Response time: <test> ms
    Response Headers: <response headers test>
    Response Size: <test> bytes
    Response Body:
      [
        {
          "date": "2023-09-11",
          "timeOpen": "09:00",
          "timeClose": "18:00"
        },
        {
          "date": "2023-09-12",
          "timeOpen": "09:00",
          "timeClose": "18:00"
        },
        {
          "date": "2023-09-13",
          "timeOpen": "09:00",
          "timeClose": "18:00"
        },
        {
          "date": "2023-09-14",
          "timeOpen": "09:00",
          "timeClose": "18:00"
        },
        {
          "date": "2023-09-15",
          "timeOpen": "10:00",
          "timeClose": "16:00"
        },
        {
          "date": "2023-09-18",
          "timeOpen": "09:00",
          "timeClose": "18:00"
        },
        {
          "date": "2023-09-19",
          "timeOpen": "09:00",
          "timeClose": "18:00"
        },
        {
          "date": "2023-09-20",
          "timeOpen": "09:00",
          "timeClose": "18:00"
        },
        {
          "date": "2023-09-21",
          "timeOpen": "09:00",
          "timeClose": "18:00"
        },
        {
          "date": "2023-09-22",
          "timeOpen": "10:00",
          "timeClose": "16:00"
        }
      ] 
 
    ✓ success criteria check - $statusCode == 200
    ✓ status code check - $statusCode in [200, 400, 404]
    ✓ content-type check
    ✓ schema check
 
  ✓ GET /museum-hours - step step2 

    Request URL: https://redocly.com/_mock/demo/openapi/museum-api/museum-hours
    Request Headers:
      accept: application/json, application/problem+json
      x-api-key: step-key 
 

    Response status code: 200
    Response time: <test> ms
    Response Headers: <response headers test>
    Response Size: <test> bytes
    Response Body:
      [
        {
          "date": "2023-09-11",
          "timeOpen": "09:00",
          "timeClose": "18:00"
        },
        {
          "date": "2023-09-12",
          "timeOpen": "09:00",
          "timeClose": "18:00"
        },
        {
          "date": "2023-09-13",
          "timeOpen": "09:00",
          "timeClose": "18:00"
        },
        {
          "date": "2023-09-14",
          "timeOpen": "09:00",
          "timeClose": "18:00"
        },
        {
          "date": "2023-09-15",
          "timeOpen": "10:00",
          "timeClose": "16:00"
        },
        {
          "date": "2023-09-18",
          "timeOpen": "09:00",
          "timeClose": "18:00"
        },
        {
          "date": "2023-09-19",
          "timeOpen": "09:00",
          "timeClose": "18:00"
        },
        {
          "date": "2023-09-20",
          "timeOpen": "09:00",
          "timeClose": "18:00"
        },
        {
          "date": "2023-09-21",
          "timeOpen": "09:00",
          "timeClose": "18:00"
        },
        {
          "date": "2023-09-22",
          "timeOpen": "10:00",
          "timeClose": "16:00"
        }
      ] 
 
    ✓ success criteria check - $statusCode == 200
    ✓ status code check - $statusCode in [200, 400, 404]
    ✓ content-type check
    ✓ schema check
 
 
  Summary for x-security-priority.arazzo.yaml
  
  Workflows: 1 passed, 1 total
  Steps: 2 passed, 2 total
  Checks: 8 passed, 8 total
  Time: <test>ms 
 
 
┌─────────────────────────────────────────────────────────────────────────┬────────────┬─────────┬─────────┬──────────┐
│ Filename                                                                │ Workflows  │ Passed  │ Failed  │ Warnings │
├─────────────────────────────────────────────────────────────────────────┼────────────┼─────────┼─────────┼──────────┤
│ ✓ x-security-priority.arazzo.yaml                                       │ 1          │ 1       │ -       │ -        │
└─────────────────────────────────────────────────────────────────────────┴────────────┴─────────┴─────────┴──────────┘
 

"
`;
