// Vitest Snapshot v1, https://vitest.dev/guide/snapshot.html

exports[`should pass inputs to step target workflow with additional input parameter from parent step 1`] = `
"──────────────────────────────────────────────────────────────────────────────── 
 
  Running workflow inputs-passed-to-step-target-workflow.arazzo.yaml / inputs-passed-to-step-target-workflow 
 
  Running child workflow for the step health-workflow 
  Running workflow events.arazzo.yaml / client-registration 
 
  ✓ POST /oauth2/register - step create-client 

    Request URL: https://api.cafe.redocly.com/oauth2/register
    Request Headers:
      content-type: application/json
      accept: application/json, application/problem+json
      authorization: ********
      multi-word-secret: composed ********
    Request Body:
      {
        "PROJECT_CLIENT_ID": "0000001",
        "PROJECT_CLIENT_SECRET": "PROJECT_CLIENT_SECRET",
        "PROJECT_SUBSCRIPTION_KEY": "PROJECT_SUBSCRIPTION_KEY",
        "price": 800
      } 
 

    Response status code: 400
    Response time: <test> ms
    Response Headers: <response headers test>
    Response Size: <test> bytes
    Response Body:
      {
        "type": "about:blank",
        "title": "Validation failed",
        "status": 400,
        "instance": "/oauth2/register",
        "details": {
          "errors": [
            {
              "code": "invalid_type",
              "expected": "string",
              "received": "undefined",
              "path": [
                "name"
              ],
              "message": "Required"
            }
          ]
        }
      } 
 
    ✓ success criteria check - $statusCode == 400
    ✓ success criteria check - $[?@.title == 'Validation failed']
    ✓ status code check - $statusCode in [201, 400, 401, 500]
    ✓ content-type check
    ✓ schema check
 
 
 
  Summary for inputs-passed-to-step-target-workflow.arazzo.yaml
  
  Workflows: 1 passed, 1 total
  Steps: 1 passed, 1 total
  Checks: 5 passed, 5 total
  Time: <test>ms 
 
 
┌───────────────────────────────────────────────────────────────────────────────────────────┬────────────┬─────────┬─────────┬──────────┐
│ Filename                                                                                  │ Workflows  │ Passed  │ Failed  │ Warnings │
├───────────────────────────────────────────────────────────────────────────────────────────┼────────────┼─────────┼─────────┼──────────┤
│ ✓ inputs-passed-to-step-target-workflow.arazzo.yaml                                       │ 1          │ 1       │ -       │ -        │
└───────────────────────────────────────────────────────────────────────────────────────────┴────────────┴─────────┴─────────┴──────────┘
 

"
`;
