// Jest Snapshot v1, https://goo.gl/fbAQLP

exports[`should replace values in the request body 1`] = `
"────────────────────────────────────────────────────────────────────────────────

  Running workflow replacements.arazzo.yaml / replacements

  ✓ GET /special-events/{eventId} - step first-step

    Request URL: https://redocly.com/_mock/demo/openapi/museum-api/special-events/dad4bce8-f5cb-4078-a211-995864315e39
    Request Headers:
      accept: application/json, application/problem+json
      authorization: Basic Og==


    Response status code: 200
    Response time: <test> ms
    Response Body:
      {
        "eventId": "6744a0da-4121-49cd-8479-f8cc20526495",
        "name": "Time Traveler Tea Party",
        "location": "Temporal Tearoom",
        "eventDescription": "Sip tea with important historical figures.",
        "dates": [
          "2023-11-18",
          "2023-11-25",
          "2023-12-02"
        ],
        "price": 60
      }

    ✓ status code check - $statusCode in [200, 400, 404]
    ✓ content-type check
    ✓ schema check

  ✓ POST /tickets - step step-with-json-replacements

    Request URL: https://redocly.com/_mock/demo/openapi/museum-api/tickets
    Request Headers:
      content-type: application/json
      accept: application/json, application/problem+json
      authorization: Basic Og==
    Request Body:
      {
        "eventId": "my-custom-event-id",
        "name": "Time Traveler Tea Party",
        "location": "Time Traveler Tea Party",
        "eventDescription": "Sip tea with important historical figures.",
        "dates": [
          "2025-01-01"
        ],
        "price": 60
      }


    Response status code: 400
    Response time: <test> ms
    Response Body:
      {
        "type": "object",
        "title": "Error validating body. data must have required property 'ticketType', data must have required property 'ticketDate', data must have required property 'email', data/eventId must match format \\"uuid\\""
      }

    ✓ status code check - $statusCode in [201, 400, 404]
    ✓ content-type check
    ✓ schema check

  ✓ PATCH /special-events/{eventId} - step step-with-form-urlencoded-replacements

    Request URL: https://redocly.com/_mock/demo/openapi/museum-api/special-events/dad4bce8-f5cb-4078-a211-995864315e39
    Request Headers:
      content-type: application/x-www-form-urlencoded
      accept: application/json, application/problem+json
      authorization: Basic Og==
    Request Body:
      "name=Time+Traveler+Tea+Party&location=New+York"


    Response status code: 400
    Response time: <test> ms
    Response Body:
      {
        "type": "object",
        "title": "Media type \\"application/x-www-form-urlencoded\\" is not supported"
      }

    ✓ status code check - $statusCode in [200, 400, 404]
    ✓ content-type check
    ✓ schema check

  ✓ PATCH /special-events/{eventId} - step step-with-form-urlencoded-replacements-2

    Request URL: https://redocly.com/_mock/demo/openapi/museum-api/special-events/dad4bce8-f5cb-4078-a211-995864315e39
    Request Headers:
      content-type: application/x-www-form-urlencoded
      accept: application/json, application/problem+json
      authorization: Basic Og==
    Request Body:
      "name=Time+Traveler+Tea+Party&location=Jakarta"


    Response status code: 400
    Response time: <test> ms
    Response Body:
      {
        "type": "object",
        "title": "Media type \\"application/x-www-form-urlencoded\\" is not supported"
      }

    ✓ status code check - $statusCode in [200, 400, 404]
    ✓ content-type check
    ✓ schema check


  Summary for replacements.arazzo.yaml
  
  Workflows: 1 passed, 1 total
  Steps: 4 passed, 4 total
  Checks: 12 passed, 12 total
  Time: <test>ms


┌──────────────────────────────────────────────────────────────────┬────────────┬─────────┬─────────┬──────────┐
│ Filename                                                         │ Workflows  │ Passed  │ Failed  │ Warnings │
├──────────────────────────────────────────────────────────────────┼────────────┼─────────┼─────────┼──────────┤
│ ✓ replacements.arazzo.yaml                                       │ 1          │ 1       │ -       │ -        │
└──────────────────────────────────────────────────────────────────┴────────────┴─────────┴─────────┴──────────┘


"
`;
