// Vitest Snapshot v1, https://vitest.dev/guide/snapshot.html

exports[`should use server override from CLI and env 1`] = `
"──────────────────────────────────────────────────────────────────────────────── 
 
  Running workflow server-override-with-console-parameters.arazzo.yaml / get-menu-items 
 
  Running child workflow for the step search-menu 
  Running workflow cafe-menu.arazzo.yaml / search-menu-items 
 
  ✗ GET /menu - step search-menu 

    Request URL: https://cafe-api-bad-endpoint.com/cafe-api-bad-endpoint/menu?search=mermaid-treasure-latte
    Request Headers:
      accept: application/json, application/problem+json 
 
    ✗ failed network request
 
──────────────────────────────────────────────────────────────────────────────── 
 
  Running workflow server-override-with-console-parameters.arazzo.yaml / client-registration 
 
  ✗ GET /menu - step list-menu-items 

    Request URL: https://cafe-api-bad-endpoint.com/cafe-api-bad-endpoint/menu
    Request Headers:
      accept: application/json, application/problem+json 
 
    ✗ failed network request
 

  Failed tests info:

  Workflow name: get-menu-items
 
    stepId - search-menu 
    ✗ unexpected error 
    Reason: Failed to resolve output "total" in workflow "search-menu-items": Error in resolving runtime expression '$steps.search-menu.outputs.total'. 
    This could be because the expression references a value from a previous failed step, or is trying to reference a variable that hasn't been set.
  Workflow name: client-registration
 
    stepId - list-menu-items 
    ✗ failed network request 
      fetch failed (cause: ENOTFOUND)
       
  Summary for server-override-with-console-parameters.arazzo.yaml
  
  Workflows: 2 failed, 2 total
  Steps: 2 failed, 2 total
  Checks: 2 failed, 2 total
  Time: <test>ms 
 
 
┌─────────────────────────────────────────────────────────────────────────────────────────────┬────────────┬─────────┬─────────┬──────────┐
│ Filename                                                                                    │ Workflows  │ Passed  │ Failed  │ Warnings │
├─────────────────────────────────────────────────────────────────────────────────────────────┼────────────┼─────────┼─────────┼──────────┤
│ x server-override-with-console-parameters.arazzo.yaml                                       │ 2          │ 0       │ 2       │ -        │
└─────────────────────────────────────────────────────────────────────────────────────────────┴────────────┴─────────┴─────────┴──────────┘
 

 Tests exited with error 

"
`;
