// Jest Snapshot v1, https://goo.gl/fbAQLP

exports[`local-json-server local-json-server test case 1`] = `
"────────────────────────────────────────────────────────────────────────────────

  Running workflow local-json-server.yaml / before

  ✓ GET /items - step get-all-items-before
    ✓ status code check - $statusCode in [200]
    ✓ content-type check
    ✓ schema check

────────────────────────────────────────────────────────────────────────────────

  Running workflow local-json-server.yaml / crud-items

  ✓ POST /items - step add-item
    ✓ success criteria check - $statusCode == 201
    ✓ status code check - $statusCode in [201]
    ✓ content-type check
    ✓ schema check

  ✗ GET /items - step get-all-items-again
    ✗ success criteria check - $response.body#/0/value == 100
    ✓ status code check - $statusCode in [200]
    ✓ content-type check
    ✓ schema check

  ✓ GET /items/{id} - step get-item-by-id
    ✓ success criteria check - $statusCode == 200
    ✓ success criteria check - $response.body#/id == $steps.add-item.outputs.crea...
    ✓ success criteria check - $response.body#/value == $steps.add-item.outputs.c...
    ✓ status code check - $statusCode in [200, 404]
    ✓ content-type check
    ✓ schema check

  ✓ DELETE /items/{id} - step drop-item
    ✓ success criteria check - $statusCode == 200
    ✓ status code check - $statusCode in [200]

  ✓ GET /items/{id} - step get-after-deleting
    ✓ success criteria check - $statusCode == 404
    ✓ status code check - $statusCode in [200, 404]
    ✓ content-type check

────────────────────────────────────────────────────────────────────────────────

  Running workflow local-json-server.yaml / auto-inherit

  ✓ POST /items - step add-item-auto-inherit
    ✓ status code check - $statusCode in [201]
    ✓ content-type check
    ✓ schema check

  ✓ GET /items - step get-all-items
    ✓ status code check - $statusCode in [200]
    ✓ content-type check
    ✓ schema check

  ✓ GET /items/{id} - step get-item-by-id-auto-inherit
    ✓ status code check - $statusCode in [200, 404]
    ✓ content-type check

  ✓ DELETE /items/{id} - step drop-item-auto-inherit
    ✓ success criteria check - $statusCode == 200
    ✓ status code check - $statusCode in [200]


  Failed tests info:

  Workflow name: crud-items

    stepId - get-all-items-again
    ✗ success criteria check
      Checking simple criteria: {"condition":"$response.body#/0/value == 100"}
      
  Summary for local-json-server.yaml
  
  Workflows: 2 passed, 1 failed, 3 total
  Steps: 9 passed, 1 failed, 10 total
  Checks: 31 passed, 1 failed, 32 total
  Time: <test>ms


┌────────────────────────────────────────────────────────────────┬────────────┬─────────┬─────────┬──────────┬─────────┐
│ Filename                                                       │ Workflows  │ Passed  │ Failed  │ Warnings │ Skipped │
├────────────────────────────────────────────────────────────────┼────────────┼─────────┼─────────┼──────────┼─────────┤
│ x local-json-server.yaml                                       │ 3          │ 2       │ 1       │ -        │ -       │
└────────────────────────────────────────────────────────────────┴────────────┴─────────┴─────────┴──────────┴─────────┘



 Tests exited with error 
"
`;
