// Vitest Snapshot v1, https://vitest.dev/guide/snapshot.html

exports[`should use off severity level 1`] = `
"──────────────────────────────────────────────────────────────────────────────── 
 
  Running workflow severity-level.arazzo.yaml / get-menu-items 
 
  ✗ GET /menu - step get-menu-items 

    Request URL: https://api.cafe.redocly.com/menu?search=mermaid-treasure-latte
    Request Headers:
      accept: html/text, application/problem+json
      content-type: application/json 
 

    Response status code: 200
    Response time: <test> ms
    Response Headers: <response headers test>
    Response Size: <test> bytes
    Response Body:
      {
        "object": "list",
        "page": {
          "startCursor": null,
          "endCursor": null,
          "hasNextPage": false,
          "hasPrevPage": false,
          "limit": 10,
          "total": 0
        },
        "items": []
      } 
 
    ✓ success criteria check - $statusCode == 200
    ✗ status code check
 
──────────────────────────────────────────────────────────────────────────────── 
 
  Running workflow severity-level.arazzo.yaml / client-registration 
 
  ✓ POST /oauth2/register - step create-client 

    Request URL: https://api.cafe.redocly.com/oauth2/register
    Request Headers:
      content-type: application/json
      accept: application/json, application/problem+json
    Request Body:
      {
        "clientName": "respect-e2e-client"
      } 
 

    Response status code: 400
    Response time: <test> ms
    Response Headers: <response headers test>
    Response Size: <test> bytes
    Response Body:
      {
        "type": "about:blank",
        "title": "Validation failed",
        "status": 400,
        "instance": "/oauth2/register",
        "details": {
          "errors": [
            {
              "code": "invalid_type",
              "expected": "string",
              "received": "undefined",
              "path": [
                "name"
              ],
              "message": "Required"
            }
          ]
        }
      } 
 
    ✓ success criteria check - $statusCode == 400
    ✓ success criteria check - $[?@.title == 'Validation failed']
    ✓ success criteria check - $[?@.status == 400]
    ✓ status code check - $statusCode in [201, 400, 401, 500]
    ✓ content-type check
    ✓ schema check
 
  ✗ GET /menu-item-images/{menuItemId} - step get-menu-item-photo 

    Request URL: https://api.cafe.redocly.com/menu-item-images/prd_0000000000seedtrams0000000
    Request Headers:
      accept: text/plain
      x-error-field: name 
 

    Response status code: 200
    Response time: <test> ms
    Response Headers: <response headers test>
    Response Size: <test> bytes
    Response Body:
      A classic Italian tiramisu layered with mascarpone and espresso 
 
    ✓ success criteria check - $statusCode == 200
    ✓ success criteria check - $response.body == 'A classic Italian tiramisu laye...
    ✓ status code check - $statusCode in [200, 404, 500]
    ✗ content-type check
 

  Failed tests info:

  Workflow name: get-menu-items
 
    stepId - get-menu-items 
    ○ status code check (skipped) 
      
      
  Workflow name: client-registration
 
    stepId - get-menu-item-photo 
    ○ content-type check (skipped) 
      Content type text/plain for 200 response is not described in the schema.
      Expected content types: image/png, text/csv.
       
  Summary for severity-level.arazzo.yaml
  
  Workflows: 2 passed, 2 total
  Steps: 3 passed, 2 ignored, 3 total
  Checks: 12 passed, 2 ignored, 12 total
  Time: <test>ms 
 
 
┌────────────────────────────────────────────────────────────────────┬────────────┬─────────┬─────────┬──────────┐
│ Filename                                                           │ Workflows  │ Passed  │ Failed  │ Warnings │
├────────────────────────────────────────────────────────────────────┼────────────┼─────────┼─────────┼──────────┤
│ ✓ severity-level.arazzo.yaml                                       │ 2          │ 2       │ -       │ -        │
└────────────────────────────────────────────────────────────────────┴────────────┴─────────┴─────────┴──────────┘
 

"
`;
