// Vitest Snapshot v1, https://vitest.dev/guide/snapshot.html

exports[`should leave reserved chars unencoded in query when allowReserved is true 1`] = `
"──────────────────────────────────────────────────────────────────────────────── 
 
  Running workflow allow-reserved-query-param.arazzo.yaml / allow-reserved 
 
  ✓ GET https://httpbin.org/get - step get-with-allow-reserved 

    Request URL: https://httpbin.org/get/?filter=https://example.com/path/to;x,y(z)a*b.c[1]@v 
 

    Response status code: 200
    Response time: <test> ms
    Response Headers: <response headers test>
    Response Size: <test> bytes
    Response Body:
      {
        "args": {
          "filter": "https://example.com/path/to;x,y(z)a*b.c[1]@v"
        },
        "headers": {
          "Accept": "*/*",
          "Accept-Encoding": "br, gzip, deflate",
          "Accept-Language": "*",
          "Host": "httpbin.org",
          "Sec-Fetch-Mode": "cors",
          "User-Agent": "undici",
          "X-Amzn-Trace-Id": "<trace-id>"
        },
        "origin": "<origin>",
        "url": "https://httpbin.org/get?filter=https:%2F%2Fexample.com%2Fpath%2Fto%3Bx,y(z)a*b.c[1]%40v"
      } 
 
    ✓ success criteria check - $statusCode == 200
    ✓ success criteria check - $response.body#/args/filter == "https://example.co...
 
 
  Summary for allow-reserved-query-param.arazzo.yaml
  
  Workflows: 1 passed, 1 total
  Steps: 1 passed, 1 total
  Checks: 2 passed, 2 total
  Time: <test>ms 
 
 
┌────────────────────────────────────────────────────────────────────────────────┬────────────┬─────────┬─────────┬──────────┐
│ Filename                                                                       │ Workflows  │ Passed  │ Failed  │ Warnings │
├────────────────────────────────────────────────────────────────────────────────┼────────────┼─────────┼─────────┼──────────┤
│ ✓ allow-reserved-query-param.arazzo.yaml                                       │ 1          │ 1       │ -       │ -        │
└────────────────────────────────────────────────────────────────────────────────┴────────────┴─────────┴─────────┴──────────┘
 

"
`;
